$ vite --host "127.0.0.1" --port "5173"
12:52:01 PM [vite] (client) [console.warn] Lit is in dev mode. Not recommended for production! See https://lit.dev/msg/dev-mode for more information.
12:52:02 PM [vite] (client) [console.warn] THREE.Clock: This module has been deprecated. Please use THREE.Timer instead.
12:52:02 PM [vite] (client) [console.warn] THREE.WebGLShadowMap: PCFSoftShadowMap has been deprecated. Using PCFShadowMap instead.
12:52:02 PM [vite] (client) [console.warn] THREE.Clock: This module has been deprecated. Please use THREE.Timer instead.
12:52:02 PM [vite] (client) [console.warn] THREE.WebGLShadowMap: PCFSoftShadowMap has been deprecated. Using PCFShadowMap instead.
12:54:51 PM [vite] (client) [console.warn] Lit is in dev mode. Not recommended for production! See https://lit.dev/msg/dev-mode for more information.
12:54:51 PM [vite] (client) [console.warn] THREE.Clock: This module has been deprecated. Please use THREE.Timer instead.
12:54:51 PM [vite] (client) [console.warn] THREE.WebGLShadowMap: PCFSoftShadowMap has been deprecated. Using PCFShadowMap instead.
12:54:51 PM [vite] (client) [console.warn] THREE.Clock: This module has been deprecated. Please use THREE.Timer instead.
12:54:51 PM [vite] (client) [console.warn] THREE.WebGLShadowMap: PCFSoftShadowMap has been deprecated. Using PCFShadowMap instead.
12:55:38 PM [vite] (client) [console.warn] Lit is in dev mode. Not recommended for production! See https://lit.dev/msg/dev-mode for more information.
12:55:39 PM [vite] (client) [console.warn] THREE.Clock: This module has been deprecated. Please use THREE.Timer instead.
12:55:39 PM [vite] (client) [console.warn] THREE.WebGLShadowMap: PCFSoftShadowMap has been deprecated. Using PCFShadowMap instead.
12:55:39 PM [vite] (client) [console.warn] THREE.Clock: This module has been deprecated. Please use THREE.Timer instead.
12:55:39 PM [vite] (client) [console.warn] THREE.WebGLShadowMap: PCFSoftShadowMap has been deprecated. Using PCFShadowMap instead.
12:56:15 PM [vite] (client) [console.warn] Lit is in dev mode. Not recommended for production! See https://lit.dev/msg/dev-mode for more information.
12:56:15 PM [vite] (client) [console.warn] THREE.Clock: This module has been deprecated. Please use THREE.Timer instead.
12:56:15 PM [vite] (client) [console.warn] THREE.WebGLShadowMap: PCFSoftShadowMap has been deprecated. Using PCFShadowMap instead.
12:56:15 PM [vite] (client) [console.warn] THREE.Clock: This module has been deprecated. Please use THREE.Timer instead.
12:56:15 PM [vite] (client) [console.warn] THREE.WebGLShadowMap: PCFSoftShadowMap has been deprecated. Using PCFShadowMap instead.
12:57:20 PM [vite] (client) [console.warn] Lit is in dev mode. Not recommended for production! See https://lit.dev/msg/dev-mode for more information.
12:57:21 PM [vite] (client) [console.warn] THREE.Clock: This module has been deprecated. Please use THREE.Timer instead.
12:57:21 PM [vite] (client) [console.warn] THREE.WebGLShadowMap: PCFSoftShadowMap has been deprecated. Using PCFShadowMap instead.
12:57:21 PM [vite] (client) [console.warn] THREE.Clock: This module has been deprecated. Please use THREE.Timer instead.
12:57:21 PM [vite] (client) [console.warn] THREE.WebGLShadowMap: PCFSoftShadowMap has been deprecated. Using PCFShadowMap instead.
12:57:54 PM [vite] (client) [console.warn] Lit is in dev mode. Not recommended for production! See https://lit.dev/msg/dev-mode for more information.
12:57:54 PM [vite] (client) [console.warn] Element model-viewer scheduled an update (generally because a property was set) after an update completed, causing a new update to be scheduled. This is inefficient and should be avoided unless the next update can only be scheduled as a side effect of the previous update. See https://lit.dev/msg/change-in-update for more information.
12:57:55 PM [vite] (client) [console.warn] THREE.Clock: This module has been deprecated. Please use THREE.Timer instead.
12:57:55 PM [vite] (client) [console.warn] THREE.WebGLShadowMap: PCFSoftShadowMap has been deprecated. Using PCFShadowMap instead.
12:57:55 PM [vite] (client) [console.warn] THREE.Clock: This module has been deprecated. Please use THREE.Timer instead.
12:57:55 PM [vite] (client) [console.warn] THREE.WebGLShadowMap: PCFSoftShadowMap has been deprecated. Using PCFShadowMap instead.
12:58:17 PM [vite] (client) [console.warn] Lit is in dev mode. Not recommended for production! See https://lit.dev/msg/dev-mode for more information.
12:58:17 PM [vite] (client) [console.warn] THREE.Clock: This module has been deprecated. Please use THREE.Timer instead.
12:58:17 PM [vite] (client) [console.warn] THREE.WebGLShadowMap: PCFSoftShadowMap has been deprecated. Using PCFShadowMap instead.
12:58:17 PM [vite] (client) [console.warn] THREE.Clock: This module has been deprecated. Please use THREE.Timer instead.
12:58:17 PM [vite] (client) [console.warn] THREE.WebGLShadowMap: PCFSoftShadowMap has been deprecated. Using PCFShadowMap instead.
12:58:17 PM [vite] (client) [console.error] Map model failed to load TypeError: Failed to fetch
    at FileLoader.load (http://127.0.0.1:5173/node_modules/.vite/deps/three.module-BEvS_7fE.js?v=492c91fe:31416:3)
    at GLTFLoader.load (http://127.0.0.1:5173/node_modules/.vite/deps/GLTFLoader-fACXuyEd.js?v=492c91fe:247:10)
    at http://127.0.0.1:5173/node_modules/.vite/deps/three.module-BEvS_7fE.js?v=492c91fe:31223:10
    at new Promise (<anonymous>)
    at GLTFLoader.loadAsync (http://127.0.0.1:5173/node_modules/.vite/deps/three.module-BEvS_7fE.js?v=492c91fe:31222:10)
    at buildMiaoVillage (http://127.0.0.1:5173/src/map-3d/villageBuilder.ts?t=1788886574397:190:33)
    at http://127.0.0.1:5173/src/map-3d/MiaoVillageScene.tsx?t=1788886574407:252:19
    at Object.react_stack_bottom_frame (http://127.0.0.1:5173/node_modules/.vite/deps/react-dom_client.js?v=492c91fe:12902:13)
    at runWithFiberInDEV (http://127.0.0.1:5173/node_modules/.vite/deps/react-dom_client.js?v=492c91fe:851:66)
    at commitHookEffectListMount (http://127.0.0.1:5173/node_modules/.vite/deps/react-dom_client.js?v=492c91fe:6617:153)
12:58:18 PM [vite] (client) [console.warn] THREE.Clock: This module has been deprecated. Please use THREE.Timer instead.
12:58:18 PM [vite] (client) [console.warn] THREE.WebGLShadowMap: PCFSoftShadowMap has been deprecated. Using PCFShadowMap instead.
1:00:31 PM [vite] (client) [console.warn] Lit is in dev mode. Not recommended for production! See https://lit.dev/msg/dev-mode for more information.
1:00:31 PM [vite] (client) [console.warn] THREE.Clock: This module has been deprecated. Please use THREE.Timer instead.
1:00:31 PM [vite] (client) [console.warn] THREE.WebGLShadowMap: PCFSoftShadowMap has been deprecated. Using PCFShadowMap instead.
1:00:31 PM [vite] (client) [console.warn] THREE.Clock: This module has been deprecated. Please use THREE.Timer instead.
1:00:31 PM [vite] (client) [console.warn] THREE.WebGLShadowMap: PCFSoftShadowMap has been deprecated. Using PCFShadowMap instead.
1:00:36 PM [vite] (client) [console.warn] Lit is in dev mode. Not recommended for production! See https://lit.dev/msg/dev-mode for more information.
1:00:36 PM [vite] (client) [console.warn] THREE.Clock: This module has been deprecated. Please use THREE.Timer instead.
1:00:36 PM [vite] (client) [console.warn] THREE.WebGLShadowMap: PCFSoftShadowMap has been deprecated. Using PCFShadowMap instead.
1:00:36 PM [vite] (client) [console.warn] THREE.Clock: This module has been deprecated. Please use THREE.Timer instead.
1:00:36 PM [vite] (client) [console.warn] THREE.WebGLShadowMap: PCFSoftShadowMap has been deprecated. Using PCFShadowMap instead.
1:01:47 PM [vite] (client) [console.warn] Lit is in dev mode. Not recommended for production! See https://lit.dev/msg/dev-mode for more information.
1:01:47 PM [vite] (client) [console.warn] THREE.Clock: This module has been deprecated. Please use THREE.Timer instead.
1:01:47 PM [vite] (client) [console.warn] THREE.WebGLShadowMap: PCFSoftShadowMap has been deprecated. Using PCFShadowMap instead.
1:01:47 PM [vite] (client) [console.warn] THREE.Clock: This module has been deprecated. Please use THREE.Timer instead.
1:01:47 PM [vite] (client) [console.warn] THREE.WebGLShadowMap: PCFSoftShadowMap has been deprecated. Using PCFShadowMap instead.
1:01:53 PM [vite] (client) [console.warn] Lit is in dev mode. Not recommended for production! See https://lit.dev/msg/dev-mode for more information.
1:01:53 PM [vite] (client) [console.warn] THREE.Clock: This module has been deprecated. Please use THREE.Timer instead.
1:01:53 PM [vite] (client) [console.warn] THREE.WebGLShadowMap: PCFSoftShadowMap has been deprecated. Using PCFShadowMap instead.
1:01:53 PM [vite] (client) [console.warn] THREE.Clock: This module has been deprecated. Please use THREE.Timer instead.
1:01:53 PM [vite] (client) [console.warn] THREE.WebGLShadowMap: PCFSoftShadowMap has been deprecated. Using PCFShadowMap instead.
1:02:18 PM [vite] (client) [console.warn] Lit is in dev mode. Not recommended for production! See https://lit.dev/msg/dev-mode for more information.
1:02:19 PM [vite] (client) [console.warn] THREE.Clock: This module has been deprecated. Please use THREE.Timer instead.
1:02:19 PM [vite] (client) [console.warn] THREE.WebGLShadowMap: PCFSoftShadowMap has been deprecated. Using PCFShadowMap instead.
1:02:19 PM [vite] (client) [console.warn] THREE.Clock: This module has been deprecated. Please use THREE.Timer instead.
1:02:19 PM [vite] (client) [console.warn] THREE.WebGLShadowMap: PCFSoftShadowMap has been deprecated. Using PCFShadowMap instead.
1:03:12 PM [vite] (client) [console.warn] Lit is in dev mode. Not recommended for production! See https://lit.dev/msg/dev-mode for more information.
1:03:13 PM [vite] (client) [console.warn] THREE.Clock: This module has been deprecated. Please use THREE.Timer instead.
1:03:13 PM [vite] (client) [console.warn] THREE.WebGLShadowMap: PCFSoftShadowMap has been deprecated. Using PCFShadowMap instead.
1:03:13 PM [vite] (client) [console.warn] THREE.Clock: This module has been deprecated. Please use THREE.Timer instead.
1:03:13 PM [vite] (client) [console.warn] THREE.WebGLShadowMap: PCFSoftShadowMap has been deprecated. Using PCFShadowMap instead.
1:03:29 PM [vite] (client) [console.warn] Lit is in dev mode. Not recommended for production! See https://lit.dev/msg/dev-mode for more information.
1:03:30 PM [vite] (client) [console.warn] Element model-viewer scheduled an update (generally because a property was set) after an update completed, causing a new update to be scheduled. This is inefficient and should be avoided unless the next update can only be scheduled as a side effect of the previous update. See https://lit.dev/msg/change-in-update for more information.
1:03:31 PM [vite] (client) [console.warn] THREE.Clock: This module has been deprecated. Please use THREE.Timer instead.
1:03:31 PM [vite] (client) [console.warn] THREE.WebGLShadowMap: PCFSoftShadowMap has been deprecated. Using PCFShadowMap instead.
1:03:31 PM [vite] (client) [console.warn] THREE.Clock: This module has been deprecated. Please use THREE.Timer instead.
1:03:31 PM [vite] (client) [console.warn] THREE.WebGLShadowMap: PCFSoftShadowMap has been deprecated. Using PCFShadowMap instead.
1:03:41 PM [vite] (client) [console.warn] Lit is in dev mode. Not recommended for production! See https://lit.dev/msg/dev-mode for more information.
1:03:41 PM [vite] (client) [console.warn] THREE.Clock: This module has been deprecated. Please use THREE.Timer instead.
1:03:41 PM [vite] (client) [console.warn] THREE.WebGLShadowMap: PCFSoftShadowMap has been deprecated. Using PCFShadowMap instead.
1:03:41 PM [vite] (client) [console.warn] THREE.Clock: This module has been deprecated. Please use THREE.Timer instead.
1:03:41 PM [vite] (client) [console.warn] THREE.WebGLShadowMap: PCFSoftShadowMap has been deprecated. Using PCFShadowMap instead.
1:03:41 PM [vite] (client) [console.error] Map model failed to load TypeError: Failed to fetch
    at FileLoader.load (http://127.0.0.1:5173/node_modules/.vite/deps/three.module-BEvS_7fE.js?v=492c91fe:31416:3)
    at GLTFLoader.load (http://127.0.0.1:5173/node_modules/.vite/deps/GLTFLoader-fACXuyEd.js?v=492c91fe:247:10)
    at http://127.0.0.1:5173/node_modules/.vite/deps/three.module-BEvS_7fE.js?v=492c91fe:31223:10
    at new Promise (<anonymous>)
    at GLTFLoader.loadAsync (http://127.0.0.1:5173/node_modules/.vite/deps/three.module-BEvS_7fE.js?v=492c91fe:31222:10)
    at buildMiaoVillage (http://127.0.0.1:5173/src/map-3d/villageBuilder.ts?t=1788886574397:190:33)
    at http://127.0.0.1:5173/src/map-3d/MiaoVillageScene.tsx?t=1788886898265:253:19
    at Object.react_stack_bottom_frame (http://127.0.0.1:5173/node_modules/.vite/deps/react-dom_client.js?v=492c91fe:12902:13)
    at runWithFiberInDEV (http://127.0.0.1:5173/node_modules/.vite/deps/react-dom_client.js?v=492c91fe:851:66)
    at commitHookEffectListMount (http://127.0.0.1:5173/node_modules/.vite/deps/react-dom_client.js?v=492c91fe:6617:153)
1:03:41 PM [vite] (client) [console.warn] THREE.Clock: This module has been deprecated. Please use THREE.Timer instead.
1:03:41 PM [vite] (client) [console.warn] THREE.WebGLShadowMap: PCFSoftShadowMap has been deprecated. Using PCFShadowMap instead.
