$ tsc -b && vite build
vite v8.2.2 building client environment for production...
transforming...
✓ 244 modules transformed.
rendering chunks...
computing gzip size...
dist/index.html                                           1.52 kB │ gzip:   0.93 kB
dist/assets/guzang-festival-tKEX9dlR.jpg                 46.32 kB
dist/assets/miao-new-year-B5Fvy0Do.jpg                   49.83 kB
dist/assets/basis_transcoder-o4Hde_L7.js                 57.52 kB
dist/assets/draco_wasm_wrapper-fZCQGLGb.js               58.45 kB
dist/assets/draco_wasm_wrapper-DxJM36Ib.js               58.76 kB
dist/assets/miao-dress-CJyMfeSj.jpg                      85.15 kB
dist/assets/ganqiu-festival-B0PSyKA4.jpg                 95.73 kB
dist/assets/xijiang-dawn-Z67eASnm.jpg                   108.22 kB
dist/assets/xijiang-stilt-houses-C5oMPCs8.jpg           115.35 kB
dist/assets/xijiang-qianhu-night-CF5dkv5K.jpg           115.55 kB
dist/assets/flying-song-BabbFXGx.jpg                    128.91 kB
dist/assets/lusheng-dance-CL89DSzi.jpg                  135.23 kB
dist/assets/batik-artisan-6_wBNDWl.jpg                  142.68 kB
dist/assets/miao-dragon-boat-DyjBAWZI.jpg               189.96 kB
dist/assets/draco_decoder-Z1_iN-Ht.wasm                 192.42 kB │ gzip:  64.11 kB
dist/assets/miao-courtyard-background-BMDio07q.jpg      250.77 kB
dist/assets/dragon-ritual-DjH_qEOe.jpg                  264.26 kB
dist/assets/lusheng-festival-BlPp8AnJ.jpg               277.62 kB
dist/assets/draco_decoder-C32yEggz.wasm                 285.74 kB │ gzip:  89.66 kB
dist/assets/april-eight-DJHPHucX.jpg                    302.61 kB
dist/assets/silver-smith-B59Oh6C1.jpg                   355.35 kB
dist/assets/workshop-tab-icon-W2CABJPe.png              360.08 kB
dist/assets/basis_transcoder-VXdx5NbI.wasm              527.33 kB │ gzip: 248.94 kB
dist/assets/flower-jumping-BsY4FagH.jpg                 584.94 kB
dist/assets/intro-CTlgV4Ax.mp4                          677.51 kB
dist/assets/draco_decoder-fzg4nYZr.js                   719.41 kB
dist/assets/batik-flower-bird-generated-DC5arxeH.png    749.89 kB
dist/assets/sisters-festival-BKOv6uT1.jpg               850.45 kB
dist/assets/miao-pattern-stories-CGJ4iY9c.png         1,054.60 kB
dist/assets/batik-reference-CnUy8eVH.png              1,077.56 kB
dist/assets/new-rice-festival-p63H1K5e.jpg            1,166.49 kB
dist/assets/silver-stencil-DTMhWlxo.png               1,252.36 kB
dist/assets/outfit-4-BGyPI1sx.png                     1,332.27 kB
dist/assets/outfit-3-CwF6rf8K.png                     1,379.18 kB
dist/assets/dress-stencil-moMSTXsE.png                1,456.66 kB
dist/assets/miao-tab-icons-BXQ5dPcv.png               1,459.81 kB
dist/assets/outfit-2-C9zOSVLE.png                     1,463.99 kB
dist/assets/miao-pattern-board-detail-CRQeBGDP.png    1,464.28 kB
dist/assets/outfit-5-Hkqn0QIf.jpg                     1,471.19 kB
dist/assets/miao-pattern-board-DlUO2L6Q.png           1,478.68 kB
dist/assets/batik-stencil-CI0fS-Le.png                1,483.05 kB
dist/assets/outfit-silver-clean-DO5YAGJv.png          1,620.22 kB
dist/assets/outfit-1-Da0_XVog.png                     1,684.91 kB
dist/assets/outfit-silver-cutout-p6V-Q_7P.png         2,115.81 kB
dist/assets/miao-butterfly-pattern-DHB9lhPB.png       2,387.54 kB
dist/assets/index-CDDfuEhi.css                          111.76 kB │ gzip:  23.74 kB
dist/assets/index-Cn99blwv.js                         1,554.70 kB │ gzip: 463.74 kB

✓ built in 563ms
[plugin builtin:vite-reporter] 
(!) Some chunks are larger than 500 kB after minification. Consider:
- Using dynamic import() to code-split the application
- Use build.rolldownOptions.output.codeSplitting to improve chunking: https://rolldown.rs/reference/OutputOptions.codeSplitting
- Adjust chunk size limit for this warning via build.chunkSizeWarningLimit.
